18:06:26 **** Incremental Build of configuration Debug for project ControlMotor ****
make -j12 all 
arm-none-eabi-gcc "../Core/Src/main.c" -mcpu=cortex-m4 -std=gnu11 -g3 -DDEBUG -DUSE_HAL_DRIVER -DSTM32F411xE -c -I../Core/Inc -I../Drivers/STM32F4xx_HAL_Driver/Inc -I../Drivers/STM32F4xx_HAL_Driver/Inc/Legacy -I../Drivers/CMSIS/Device/ST/STM32F4xx/Include -I../Drivers/CMSIS/Include -O0 -ffunction-sections -fdata-sections -Wall -fstack-usage -fcyclomatic-complexity -MMD -MP -MF"Core/Src/main.d" -MT"Core/Src/main.o" --specs=nano.specs -mfpu=fpv4-sp-d16 -mfloat-abi=hard -mthumb -o "Core/Src/main.o"
arm-none-eabi-gcc -o "ControlMotor.elf" @"objects.list"   -mcpu=cortex-m4 -T"C:\Users\bogur\Desktop\STM32\proyectos stm\ControlMotor\ControlMotor\STM32F411VETX_FLASH.ld" --specs=nosys.specs -Wl,-Map="ControlMotor.map" -Wl,--gc-sections -static --specs=nano.specs -mfpu=fpv4-sp-d16 -mfloat-abi=hard -mthumb -Wl,--start-group -lc -lm -Wl,--end-group
Finished building target: ControlMotor.elf
 
arm-none-eabi-size   ControlMotor.elf 
arm-none-eabi-objdump -h -S  ControlMotor.elf  > "ControlMotor.list"
   text	   data	    bss	    dec	    hex	filename
   7308	     20	   1652	   8980	   2314	ControlMotor.elf
Finished building: default.size.stdout
 
Finished building: ControlMotor.list
 
18:06:31 **** Incremental Build of configuration Debug for project ControlMotor ****
make -j12 all 
arm-none-eabi-size   ControlMotor.elf 
   text	   data	    bss	    dec	    hex	filename
   7308	     20	   1652	   8980	   2314	ControlMotor.elf
Finished building: default.size.stdout
 
22:27:03 **** Incremental Build of configuration Debug for project ControlMotor ****
make -j12 all 
arm-none-eabi-size   ControlMotor.elf 
   text	   data	    bss	    dec	    hex	filename
   7308	     20	   1652	   8980	   2314	ControlMotor.elf
Finished building: default.size.stdout
 
01:02:07 **** Incremental Build of configuration Debug for project ControlMotor ****
make -j12 all 
arm-none-eabi-gcc "../Core/Src/main.c" -mcpu=cortex-m4 -std=gnu11 -g3 -DDEBUG -DUSE_HAL_DRIVER -DSTM32F411xE -c -I../Core/Inc -I../Drivers/STM32F4xx_HAL_Driver/Inc -I../Drivers/STM32F4xx_HAL_Driver/Inc/Legacy -I../Drivers/CMSIS/Device/ST/STM32F4xx/Include -I../Drivers/CMSIS/Include -O0 -ffunction-sections -fdata-sections -Wall -fstack-usage -fcyclomatic-complexity -MMD -MP -MF"Core/Src/main.d" -MT"Core/Src/main.o" --specs=nano.specs -mfpu=fpv4-sp-d16 -mfloat-abi=hard -mthumb -o "Core/Src/main.o"
arm-none-eabi-gcc "../Core/Src/stm32f4xx_hal_msp.c" -mcpu=cortex-m4 -std=gnu11 -g3 -DDEBUG -DUSE_HAL_DRIVER -DSTM32F411xE -c -I../Core/Inc -I../Drivers/STM32F4xx_HAL_Driver/Inc -I../Drivers/STM32F4xx_HAL_Driver/Inc/Legacy -I../Drivers/CMSIS/Device/ST/STM32F4xx/Include -I../Drivers/CMSIS/Include -O0 -ffunction-sections -fdata-sections -Wall -fstack-usage -fcyclomatic-complexity -MMD -MP -MF"Core/Src/stm32f4xx_hal_msp.d" -MT"Core/Src/stm32f4xx_hal_msp.o" --specs=nano.specs -mfpu=fpv4-sp-d16 -mfloat-abi=hard -mthumb -o "Core/Src/stm32f4xx_hal_msp.o"
arm-none-eabi-gcc "../Core/Src/stm32f4xx_it.c" -mcpu=cortex-m4 -std=gnu11 -g3 -DDEBUG -DUSE_HAL_DRIVER -DSTM32F411xE -c -I../Core/Inc -I../Drivers/STM32F4xx_HAL_Driver/Inc -I../Drivers/STM32F4xx_HAL_Driver/Inc/Legacy -I../Drivers/CMSIS/Device/ST/STM32F4xx/Include -I../Drivers/CMSIS/Include -O0 -ffunction-sections -fdata-sections -Wall -fstack-usage -fcyclomatic-complexity -MMD -MP -MF"Core/Src/stm32f4xx_it.d" -MT"Core/Src/stm32f4xx_it.o" --specs=nano.specs -mfpu=fpv4-sp-d16 -mfloat-abi=hard -mthumb -o "Core/Src/stm32f4xx_it.o"
arm-none-eabi-gcc -o "ControlMotor.elf" @"objects.list"   -mcpu=cortex-m4 -T"C:\Users\bogur\Desktop\STM32\proyectos stm\ControlMotor\ControlMotor\STM32F411VETX_FLASH.ld" --specs=nosys.specs -Wl,-Map="ControlMotor.map" -Wl,--gc-sections -static --specs=nano.specs -mfpu=fpv4-sp-d16 -mfloat-abi=hard -mthumb -Wl,--start-group -lc -lm -Wl,--end-group
Finished building target: ControlMotor.elf
 
arm-none-eabi-size   ControlMotor.elf 
arm-none-eabi-objdump -h -S  ControlMotor.elf  > "ControlMotor.list"
   text	   data	    bss	    dec	    hex	filename
   8056	     20	   1644	   9720	   25f8	ControlMotor.elf
Finished building: default.size.stdout
 
Finished building: ControlMotor.list
 
01:07:51 **** Incremental Build of configuration Debug for project ControlMotor ****
make -j12 all 
arm-none-eabi-gcc "../Core/Src/main.c" -mcpu=cortex-m4 -std=gnu11 -g3 -DDEBUG -DUSE_HAL_DRIVER -DSTM32F411xE -c -I../Core/Inc -I../Drivers/STM32F4xx_HAL_Driver/Inc -I../Drivers/STM32F4xx_HAL_Driver/Inc/Legacy -I../Drivers/CMSIS/Device/ST/STM32F4xx/Include -I../Drivers/CMSIS/Include -O0 -ffunction-sections -fdata-sections -Wall -fstack-usage -fcyclomatic-complexity -MMD -MP -MF"Core/Src/main.d" -MT"Core/Src/main.o" --specs=nano.specs -mfpu=fpv4-sp-d16 -mfloat-abi=hard -mthumb -o "Core/Src/main.o"
arm-none-eabi-gcc -o "ControlMotor.elf" @"objects.list"   -mcpu=cortex-m4 -T"C:\Users\bogur\Desktop\STM32\proyectos stm\ControlMotor\ControlMotor\STM32F411VETX_FLASH.ld" --specs=nosys.specs -Wl,-Map="ControlMotor.map" -Wl,--gc-sections -static --specs=nano.specs -mfpu=fpv4-sp-d16 -mfloat-abi=hard -mthumb -Wl,--start-group -lc -lm -Wl,--end-group
Finished building target: ControlMotor.elf
 
arm-none-eabi-size   ControlMotor.elf 
arm-none-eabi-objdump -h -S  ControlMotor.elf  > "ControlMotor.list"
   text	   data	    bss	    dec	    hex	filename
   8068	     20	   1652	   9740	   260c	ControlMotor.elf
Finished building: default.size.stdout
 
Finished building: ControlMotor.list
 
01:10:12 **** Incremental Build of configuration Debug for project ControlMotor ****
make -j12 all 
arm-none-eabi-gcc "../Core/Src/main.c" -mcpu=cortex-m4 -std=gnu11 -g3 -DDEBUG -DUSE_HAL_DRIVER -DSTM32F411xE -c -I../Core/Inc -I../Drivers/STM32F4xx_HAL_Driver/Inc -I../Drivers/STM32F4xx_HAL_Driver/Inc/Legacy -I../Drivers/CMSIS/Device/ST/STM32F4xx/Include -I../Drivers/CMSIS/Include -O0 -ffunction-sections -fdata-sections -Wall -fstack-usage -fcyclomatic-complexity -MMD -MP -MF"Core/Src/main.d" -MT"Core/Src/main.o" --specs=nano.specs -mfpu=fpv4-sp-d16 -mfloat-abi=hard -mthumb -o "Core/Src/main.o"
arm-none-eabi-gcc -o "ControlMotor.elf" @"objects.list"   -mcpu=cortex-m4 -T"C:\Users\bogur\Desktop\STM32\proyectos stm\ControlMotor\ControlMotor\STM32F411VETX_FLASH.ld" --specs=nosys.specs -Wl,-Map="ControlMotor.map" -Wl,--gc-sections -static --specs=nano.specs -mfpu=fpv4-sp-d16 -mfloat-abi=hard -mthumb -Wl,--start-group -lc -lm -Wl,--end-group
Finished building target: ControlMotor.elf
 
arm-none-eabi-size   ControlMotor.elf 
arm-none-eabi-objdump -h -S  ControlMotor.elf  > "ControlMotor.list"
   text	   data	    bss	    dec	    hex	filename
   8068	     20	   1652	   9740	   260c	ControlMotor.elf
Finished building: default.size.stdout
 
Finished building: ControlMotor.list
 
01:10:17 **** Incremental Build of configuration Debug for project ControlMotor ****
make -j12 all 
arm-none-eabi-size   ControlMotor.elf 
   text	   data	    bss	    dec	    hex	filename
   8068	     20	   1652	   9740	   260c	ControlMotor.elf
Finished building: default.size.stdout
 
01:12:53 **** Incremental Build of configuration Debug for project ControlMotor ****
make -j12 all 
arm-none-eabi-gcc "../Core/Src/main.c" -mcpu=cortex-m4 -std=gnu11 -g3 -DDEBUG -DUSE_HAL_DRIVER -DSTM32F411xE -c -I../Core/Inc -I../Drivers/STM32F4xx_HAL_Driver/Inc -I../Drivers/STM32F4xx_HAL_Driver/Inc/Legacy -I../Drivers/CMSIS/Device/ST/STM32F4xx/Include -I../Drivers/CMSIS/Include -O0 -ffunction-sections -fdata-sections -Wall -fstack-usage -fcyclomatic-complexity -MMD -MP -MF"Core/Src/main.d" -MT"Core/Src/main.o" --specs=nano.specs -mfpu=fpv4-sp-d16 -mfloat-abi=hard -mthumb -o "Core/Src/main.o"
arm-none-eabi-gcc -o "ControlMotor.elf" @"objects.list"   -mcpu=cortex-m4 -T"C:\Users\bogur\Desktop\STM32\proyectos stm\ControlMotor\ControlMotor\STM32F411VETX_FLASH.ld" --specs=nosys.specs -Wl,-Map="ControlMotor.map" -Wl,--gc-sections -static --specs=nano.specs -mfpu=fpv4-sp-d16 -mfloat-abi=hard -mthumb -Wl,--start-group -lc -lm -Wl,--end-group
Finished building target: ControlMotor.elf
 
arm-none-eabi-size   ControlMotor.elf 
arm-none-eabi-objdump -h -S  ControlMotor.elf  > "ControlMotor.list"
   text	   data	    bss	    dec	    hex	filename
   8068	     24	   1648	   9740	   260c	ControlMotor.elf
Finished building: default.size.stdout
 
Finished building: ControlMotor.list
 
01:29:46 **** Incremental Build of configuration Debug for project ControlMotor ****
make -j12 all 
arm-none-eabi-gcc "../Core/Src/main.c" -mcpu=cortex-m4 -std=gnu11 -g3 -DDEBUG -DUSE_HAL_DRIVER -DSTM32F411xE -c -I../Core/Inc -I../Drivers/STM32F4xx_HAL_Driver/Inc -I../Drivers/STM32F4xx_HAL_Driver/Inc/Legacy -I../Drivers/CMSIS/Device/ST/STM32F4xx/Include -I../Drivers/CMSIS/Include -O0 -ffunction-sections -fdata-sections -Wall -fstack-usage -fcyclomatic-complexity -MMD -MP -MF"Core/Src/main.d" -MT"Core/Src/main.o" --specs=nano.specs -mfpu=fpv4-sp-d16 -mfloat-abi=hard -mthumb -o "Core/Src/main.o"
arm-none-eabi-gcc "../Core/Src/stm32f4xx_it.c" -mcpu=cortex-m4 -std=gnu11 -g3 -DDEBUG -DUSE_HAL_DRIVER -DSTM32F411xE -c -I../Core/Inc -I../Drivers/STM32F4xx_HAL_Driver/Inc -I../Drivers/STM32F4xx_HAL_Driver/Inc/Legacy -I../Drivers/CMSIS/Device/ST/STM32F4xx/Include -I../Drivers/CMSIS/Include -O0 -ffunction-sections -fdata-sections -Wall -fstack-usage -fcyclomatic-complexity -MMD -MP -MF"Core/Src/stm32f4xx_it.d" -MT"Core/Src/stm32f4xx_it.o" --specs=nano.specs -mfpu=fpv4-sp-d16 -mfloat-abi=hard -mthumb -o "Core/Src/stm32f4xx_it.o"
arm-none-eabi-gcc -o "ControlMotor.elf" @"objects.list"   -mcpu=cortex-m4 -T"C:\Users\bogur\Desktop\STM32\proyectos stm\ControlMotor\ControlMotor\STM32F411VETX_FLASH.ld" --specs=nosys.specs -Wl,-Map="ControlMotor.map" -Wl,--gc-sections -static --specs=nano.specs -mfpu=fpv4-sp-d16 -mfloat-abi=hard -mthumb -Wl,--start-group -lc -lm -Wl,--end-group
Finished building target: ControlMotor.elf
 
arm-none-eabi-size   ControlMotor.elf 
arm-none-eabi-objdump -h -S  ControlMotor.elf  > "ControlMotor.list"
   text	   data	    bss	    dec	    hex	filename
   8160	     20	   1660	   9840	   2670	ControlMotor.elf
Finished building: default.size.stdout
 
Finished building: ControlMotor.list
 
01:31:00 **** Incremental Build of configuration Debug for project ControlMotor ****
make -j12 all 
arm-none-eabi-gcc "../Core/Src/stm32f4xx_it.c" -mcpu=cortex-m4 -std=gnu11 -g3 -DDEBUG -DUSE_HAL_DRIVER -DSTM32F411xE -c -I../Core/Inc -I../Drivers/STM32F4xx_HAL_Driver/Inc -I../Drivers/STM32F4xx_HAL_Driver/Inc/Legacy -I../Drivers/CMSIS/Device/ST/STM32F4xx/Include -I../Drivers/CMSIS/Include -O0 -ffunction-sections -fdata-sections -Wall -fstack-usage -fcyclomatic-complexity -MMD -MP -MF"Core/Src/stm32f4xx_it.d" -MT"Core/Src/stm32f4xx_it.o" --specs=nano.specs -mfpu=fpv4-sp-d16 -mfloat-abi=hard -mthumb -o "Core/Src/stm32f4xx_it.o"
arm-none-eabi-gcc -o "ControlMotor.elf" @"objects.list"   -mcpu=cortex-m4 -T"C:\Users\bogur\Desktop\STM32\proyectos stm\ControlMotor\ControlMotor\STM32F411VETX_FLASH.ld" --specs=nosys.specs -Wl,-Map="ControlMotor.map" -Wl,--gc-sections -static --specs=nano.specs -mfpu=fpv4-sp-d16 -mfloat-abi=hard -mthumb -Wl,--start-group -lc -lm -Wl,--end-group
Finished building target: ControlMotor.elf
 
arm-none-eabi-size   ControlMotor.elf 
arm-none-eabi-objdump -h -S  ControlMotor.elf  > "ControlMotor.list"
   text	   data	    bss	    dec	    hex	filename
   8164	     20	   1660	   9844	   2674	ControlMotor.elf
Finished building: default.size.stdout
 
Finished building: ControlMotor.list
 
01:31:06 **** Incremental Build of configuration Debug for project ControlMotor ****
make -j12 all 
arm-none-eabi-size   ControlMotor.elf 
   text	   data	    bss	    dec	    hex	filename
   8164	     20	   1660	   9844	   2674	ControlMotor.elf
Finished building: default.size.stdout
 
01:32:31 **** Incremental Build of configuration Debug for project ControlMotor ****
make -j12 all 
arm-none-eabi-gcc "../Core/Src/main.c" -mcpu=cortex-m4 -std=gnu11 -g3 -DDEBUG -DUSE_HAL_DRIVER -DSTM32F411xE -c -I../Core/Inc -I../Drivers/STM32F4xx_HAL_Driver/Inc -I../Drivers/STM32F4xx_HAL_Driver/Inc/Legacy -I../Drivers/CMSIS/Device/ST/STM32F4xx/Include -I../Drivers/CMSIS/Include -O0 -ffunction-sections -fdata-sections -Wall -fstack-usage -fcyclomatic-complexity -MMD -MP -MF"Core/Src/main.d" -MT"Core/Src/main.o" --specs=nano.specs -mfpu=fpv4-sp-d16 -mfloat-abi=hard -mthumb -o "Core/Src/main.o"
arm-none-eabi-gcc "../Core/Src/stm32f4xx_it.c" -mcpu=cortex-m4 -std=gnu11 -g3 -DDEBUG -DUSE_HAL_DRIVER -DSTM32F411xE -c -I../Core/Inc -I../Drivers/STM32F4xx_HAL_Driver/Inc -I../Drivers/STM32F4xx_HAL_Driver/Inc/Legacy -I../Drivers/CMSIS/Device/ST/STM32F4xx/Include -I../Drivers/CMSIS/Include -O0 -ffunction-sections -fdata-sections -Wall -fstack-usage -fcyclomatic-complexity -MMD -MP -MF"Core/Src/stm32f4xx_it.d" -MT"Core/Src/stm32f4xx_it.o" --specs=nano.specs -mfpu=fpv4-sp-d16 -mfloat-abi=hard -mthumb -o "Core/Src/stm32f4xx_it.o"
arm-none-eabi-gcc -o "ControlMotor.elf" @"objects.list"   -mcpu=cortex-m4 -T"C:\Users\bogur\Desktop\STM32\proyectos stm\ControlMotor\ControlMotor\STM32F411VETX_FLASH.ld" --specs=nosys.specs -Wl,-Map="ControlMotor.map" -Wl,--gc-sections -static --specs=nano.specs -mfpu=fpv4-sp-d16 -mfloat-abi=hard -mthumb -Wl,--start-group -lc -lm -Wl,--end-group
Finished building target: ControlMotor.elf
 
arm-none-eabi-size   ControlMotor.elf 
arm-none-eabi-objdump -h -S  ControlMotor.elf  > "ControlMotor.list"
   text	   data	    bss	    dec	    hex	filename
   8172	     20	   1660	   9852	   267c	ControlMotor.elf
Finished building: default.size.stdout
 
Finished building: ControlMotor.list
 
01:34:39 **** Incremental Build of configuration Debug for project ControlMotor ****
make -j12 all 
arm-none-eabi-gcc "../Core/Src/stm32f4xx_it.c" -mcpu=cortex-m4 -std=gnu11 -g3 -DDEBUG -DUSE_HAL_DRIVER -DSTM32F411xE -c -I../Core/Inc -I../Drivers/STM32F4xx_HAL_Driver/Inc -I../Drivers/STM32F4xx_HAL_Driver/Inc/Legacy -I../Drivers/CMSIS/Device/ST/STM32F4xx/Include -I../Drivers/CMSIS/Include -O0 -ffunction-sections -fdata-sections -Wall -fstack-usage -fcyclomatic-complexity -MMD -MP -MF"Core/Src/stm32f4xx_it.d" -MT"Core/Src/stm32f4xx_it.o" --specs=nano.specs -mfpu=fpv4-sp-d16 -mfloat-abi=hard -mthumb -o "Core/Src/stm32f4xx_it.o"
arm-none-eabi-gcc -o "ControlMotor.elf" @"objects.list"   -mcpu=cortex-m4 -T"C:\Users\bogur\Desktop\STM32\proyectos stm\ControlMotor\ControlMotor\STM32F411VETX_FLASH.ld" --specs=nosys.specs -Wl,-Map="ControlMotor.map" -Wl,--gc-sections -static --specs=nano.specs -mfpu=fpv4-sp-d16 -mfloat-abi=hard -mthumb -Wl,--start-group -lc -lm -Wl,--end-group
Finished building target: ControlMotor.elf
 
arm-none-eabi-size   ControlMotor.elf 
arm-none-eabi-objdump -h -S  ControlMotor.elf  > "ControlMotor.list"
   text	   data	    bss	    dec	    hex	filename
   8176	     20	   1660	   9856	   2680	ControlMotor.elf
Finished building: default.size.stdout
 
Finished building: ControlMotor.list
 
